127.0.0.1 - - [06/Feb/2020:10:20:54 +0530] "GET / HTTP/1.1" 404 709
0:0:0:0:0:0:0:1 - - [06/Feb/2020:10:21:03 +0530] "GET /ctsweb/LoginServlet HTTP/1.1" 200 -
0:0:0:0:0:0:0:1 - - [06/Feb/2020:10:21:19 +0530] "GET /ctsweb/index.html HTTP/1.1" 304 -
0:0:0:0:0:0:0:1 - - [06/Feb/2020:10:21:28 +0530] "POST /ctsweb/LoginServlet HTTP/1.1" 200 -
127.0.0.1 - - [06/Feb/2020:10:23:47 +0530] "GET / HTTP/1.1" 404 709
0:0:0:0:0:0:0:1 - - [06/Feb/2020:10:23:56 +0530] "POST /ctsweb/LoginServlet HTTP/1.1" 200 -
0:0:0:0:0:0:0:1 - - [06/Feb/2020:10:25:56 +0530] "POST /ctsweb/LoginServlet HTTP/1.1" 200 -
0:0:0:0:0:0:0:1 - - [06/Feb/2020:10:27:26 +0530] "POST /ctsweb/LoginServlet HTTP/1.1" 200 -
127.0.0.1 - - [06/Feb/2020:10:27:58 +0530] "GET / HTTP/1.1" 404 709
0:0:0:0:0:0:0:1 - - [06/Feb/2020:10:28:08 +0530] "POST /ctsweb/LoginServlet HTTP/1.1" 200 -
0:0:0:0:0:0:0:1 - - [06/Feb/2020:10:30:10 +0530] "POST /ctsweb/LoginServlet HTTP/1.1" 200 -
127.0.0.1 - - [06/Feb/2020:10:46:15 +0530] "GET / HTTP/1.1" 404 709
0:0:0:0:0:0:0:1 - - [06/Feb/2020:10:46:15 +0530] "GET /ctsweb/Register.html HTTP/1.1" 200 945
0:0:0:0:0:0:0:1 - - [06/Feb/2020:10:47:51 +0530] "GET /ctsweb/Register.html HTTP/1.1" 200 945
0:0:0:0:0:0:0:1 - - [06/Feb/2020:10:48:21 +0530] "POST /ctsweb/RegisterServletEx HTTP/1.1" 405 752
127.0.0.1 - - [06/Feb/2020:10:50:29 +0530] "GET / HTTP/1.1" 404 709
0:0:0:0:0:0:0:1 - - [06/Feb/2020:10:50:30 +0530] "GET /ctsweb/Register.html HTTP/1.1" 200 945
127.0.0.1 - - [06/Feb/2020:10:52:12 +0530] "GET /ctsweb/Register.html HTTP/1.1" 304 -
0:0:0:0:0:0:0:1 - - [06/Feb/2020:10:53:47 +0530] "GET /ctsweb/Register.html HTTP/1.1" 200 945
0:0:0:0:0:0:0:1 - - [06/Feb/2020:10:54:19 +0530] "POST /ctsweb/RegisterServletEx HTTP/1.1" 405 752
0:0:0:0:0:0:0:1 - - [06/Feb/2020:11:01:17 +0530] "POST /ctsweb/LoginServlet HTTP/1.1" 200 -
0:0:0:0:0:0:0:1 - - [06/Feb/2020:11:09:17 +0530] "POST /ctsweb/LoginServlet HTTP/1.1" 200 -
127.0.0.1 - - [06/Feb/2020:11:11:29 +0530] "GET / HTTP/1.1" 404 709
0:0:0:0:0:0:0:1 - - [06/Feb/2020:11:11:39 +0530] "POST /ctsweb/LoginServlet HTTP/1.1" 200 -
127.0.0.1 - - [06/Feb/2020:11:16:23 +0530] "GET / HTTP/1.1" 404 709
0:0:0:0:0:0:0:1 - - [06/Feb/2020:11:16:33 +0530] "POST /ctsweb/LoginServlet HTTP/1.1" 200 -
127.0.0.1 - - [06/Feb/2020:11:17:23 +0530] "GET / HTTP/1.1" 404 709
0:0:0:0:0:0:0:1 - - [06/Feb/2020:11:17:30 +0530] "POST /ctsweb/LoginServlet HTTP/1.1" 200 -
127.0.0.1 - - [06/Feb/2020:11:18:14 +0530] "GET / HTTP/1.1" 404 709
0:0:0:0:0:0:0:1 - - [06/Feb/2020:11:18:23 +0530] "POST /ctsweb/LoginServlet HTTP/1.1" 200 -
127.0.0.1 - - [06/Feb/2020:11:19:42 +0530] "GET / HTTP/1.1" 404 709
0:0:0:0:0:0:0:1 - - [06/Feb/2020:11:19:43 +0530] "GET /ctsweb/Register.html HTTP/1.1" 200 945
0:0:0:0:0:0:0:1 - - [06/Feb/2020:11:21:39 +0530] "GET /ctsweb/Register.html HTTP/1.1" 304 -
127.0.0.1 - - [06/Feb/2020:11:25:09 +0530] "GET / HTTP/1.1" 404 709
0:0:0:0:0:0:0:1 - - [06/Feb/2020:11:25:09 +0530] "GET /ctsweb/Register.html HTTP/1.1" 304 -
127.0.0.1 - - [06/Feb/2020:11:27:19 +0530] "POST /ctsweb/LoginServlet HTTP/1.1" 200 -
127.0.0.1 - - [06/Feb/2020:11:29:39 +0530] "GET / HTTP/1.1" 404 709
127.0.0.1 - - [06/Feb/2020:11:29:47 +0530] "POST /ctsweb/LoginServlet HTTP/1.1" 200 -
127.0.0.1 - - [06/Feb/2020:11:30:51 +0530] "GET / HTTP/1.1" 404 709
127.0.0.1 - - [06/Feb/2020:11:30:58 +0530] "POST /ctsweb/LoginServlet HTTP/1.1" 200 59
127.0.0.1 - - [06/Feb/2020:11:31:07 +0530] "GET /ctsweb/Register.html HTTP/1.1" 304 -
0:0:0:0:0:0:0:1 - - [06/Feb/2020:11:34:46 +0530] "GET /ctsweb/Register.html HTTP/1.1" 200 901
0:0:0:0:0:0:0:1 - - [06/Feb/2020:11:34:48 +0530] "GET /ctsweb/www.google.com?name=&dept=&desg=&company=&+mobile=&email= HTTP/1.1" 404 734
0:0:0:0:0:0:0:1 - - [06/Feb/2020:11:35:50 +0530] "GET /ctsweb/Register.html HTTP/1.1" 200 947
0:0:0:0:0:0:0:1 - - [06/Feb/2020:11:36:44 +0530] "GET /ctsweb/Register.html HTTP/1.1" 304 -
0:0:0:0:0:0:0:1 - - [06/Feb/2020:11:37:40 +0530] "GET /ctsweb/Register.html HTTP/1.1" 304 -
0:0:0:0:0:0:0:1 - - [06/Feb/2020:11:39:01 +0530] "POST /ctsweb/LoginServlet HTTP/1.1" 200 59
0:0:0:0:0:0:0:1 - - [06/Feb/2020:11:39:28 +0530] "GET /ctsweb/Register.html HTTP/1.1" 200 947
0:0:0:0:0:0:0:1 - - [06/Feb/2020:11:39:53 +0530] "POST /ctsweb/RegisterServletEx HTTP/1.1" 405 752
0:0:0:0:0:0:0:1 - - [06/Feb/2020:11:40:55 +0530] "GET /ctsweb/Register.html HTTP/1.1" 200 934
0:0:0:0:0:0:0:1 - - [06/Feb/2020:11:40:57 +0530] "GET /ctsweb/RegisterServletEx?name=&dept=&desg=&company=&+mobile=&email= HTTP/1.1" 200 63
0:0:0:0:0:0:0:1 - - [06/Feb/2020:11:41:56 +0530] "GET /ctsweb/Register.html HTTP/1.1" 304 -
0:0:0:0:0:0:0:1 - - [06/Feb/2020:11:42:32 +0530] "GET /ctsweb/RegisterServletEx?name=Anuja&dept=Java&desg=Programmer&company=CTS&+mobile=12345&email=anuja@gmail.com HTTP/1.1" 200 63
0:0:0:0:0:0:0:1 - - [06/Feb/2020:11:43:54 +0530] "GET /ctsweb/Register.html HTTP/1.1" 200 947
0:0:0:0:0:0:0:1 - - [06/Feb/2020:11:43:56 +0530] "POST /ctsweb/RegisterServletEx HTTP/1.1" 405 752
0:0:0:0:0:0:0:1 - - [06/Feb/2020:11:44:16 +0530] "GET /ctsweb/Register.html HTTP/1.1" 200 947
0:0:0:0:0:0:0:1 - - [06/Feb/2020:11:44:51 +0530] "POST /ctsweb/LoginServlet HTTP/1.1" 200 59
127.0.0.1 - - [06/Feb/2020:12:02:26 +0530] "GET / HTTP/1.1" 404 709
0:0:0:0:0:0:0:1 - - [06/Feb/2020:12:02:27 +0530] "GET /ctsweb/SearchNames.html HTTP/1.1" 200 398
127.0.0.1 - - [06/Feb/2020:12:17:33 +0530] "GET / HTTP/1.1" 404 709
0:0:0:0:0:0:0:1 - - [06/Feb/2020:12:17:34 +0530] "GET /ServletChaining/Servlet1 HTTP/1.1" 200 33
127.0.0.1 - - [06/Feb/2020:12:18:25 +0530] "GET / HTTP/1.1" 404 709
0:0:0:0:0:0:0:1 - - [06/Feb/2020:12:18:25 +0530] "GET /ServletChaining/Servlet1 HTTP/1.1" 200 33
127.0.0.1 - - [06/Feb/2020:12:19:22 +0530] "GET / HTTP/1.1" 404 709
0:0:0:0:0:0:0:1 - - [06/Feb/2020:12:19:22 +0530] "GET /ServletChaining/Servlet1 HTTP/1.1" 200 138
0:0:0:0:0:0:0:1 - - [06/Feb/2020:12:20:11 +0530] "GET /ServletChaining/Servlet1 HTTP/1.1" 200 138
127.0.0.1 - - [06/Feb/2020:12:20:43 +0530] "GET / HTTP/1.1" 404 709
0:0:0:0:0:0:0:1 - - [06/Feb/2020:12:20:43 +0530] "GET /ServletChaining/Servlet1 HTTP/1.1" 200 33
127.0.0.1 - - [06/Feb/2020:12:21:28 +0530] "GET / HTTP/1.1" 404 709
0:0:0:0:0:0:0:1 - - [06/Feb/2020:12:21:28 +0530] "GET /ServletChaining/Servlet1 HTTP/1.1" 200 33
127.0.0.1 - - [06/Feb/2020:12:24:42 +0530] "GET / HTTP/1.1" 404 709
0:0:0:0:0:0:0:1 - - [06/Feb/2020:12:24:42 +0530] "GET /ServletChaining/Servlet1 HTTP/1.1" 200 111
0:0:0:0:0:0:0:1 - - [06/Feb/2020:12:25:53 +0530] "GET /ctsweb/SearchNames.html HTTP/1.1" 304 -
127.0.0.1 - - [06/Feb/2020:12:28:28 +0530] "GET / HTTP/1.1" 404 709
127.0.0.1 - - [06/Feb/2020:12:31:04 +0530] "GET /ctsweb/SearchNames.html HTTP/1.1" 200 402
127.0.0.1 - - [06/Feb/2020:12:37:22 +0530] "GET / HTTP/1.1" 404 709
0:0:0:0:0:0:0:1 - - [06/Feb/2020:12:37:22 +0530] "GET /WebApp1/Serv1 HTTP/1.1" 500 43
0:0:0:0:0:0:0:1 - - [06/Feb/2020:12:38:14 +0530] "GET /ctsweb/SearchNames.html HTTP/1.1" 304 -
0:0:0:0:0:0:0:1 - - [06/Feb/2020:12:39:57 +0530] "GET /ctsweb/SearchNames.html HTTP/1.1" 200 388
127.0.0.1 - - [06/Feb/2020:12:43:54 +0530] "GET / HTTP/1.1" 404 709
0:0:0:0:0:0:0:1 - - [06/Feb/2020:12:43:54 +0530] "GET /ctsweb/SearchNames.html HTTP/1.1" 304 -
0:0:0:0:0:0:0:1 - - [06/Feb/2020:12:46:54 +0530] "GET /ctsweb/SearchNames.html HTTP/1.1" 304 -
127.0.0.1 - - [06/Feb/2020:12:56:34 +0530] "GET / HTTP/1.1" 404 709
0:0:0:0:0:0:0:1 - - [06/Feb/2020:12:56:35 +0530] "GET /ctsweb/SearchNames.html HTTP/1.1" 304 -
127.0.0.1 - - [06/Feb/2020:12:59:11 +0530] "GET / HTTP/1.1" 404 709
0:0:0:0:0:0:0:1 - - [06/Feb/2020:12:59:11 +0530] "GET /ctsweb/SearchNames.html HTTP/1.1" 200 402
127.0.0.1 - - [06/Feb/2020:13:04:23 +0530] "GET / HTTP/1.1" 404 709
0:0:0:0:0:0:0:1 - - [06/Feb/2020:13:04:24 +0530] "GET /ctsweb/SearchNames.html HTTP/1.1" 304 -
0:0:0:0:0:0:0:1 - - [06/Feb/2020:13:06:40 +0530] "GET /ctsweb/SearchNames.html HTTP/1.1" 200 388
0:0:0:0:0:0:0:1 - - [06/Feb/2020:13:07:26 +0530] "GET /ctsweb/SearchNames.html HTTP/1.1" 200 335
127.0.0.1 - - [06/Feb/2020:13:07:55 +0530] "GET / HTTP/1.1" 404 709
0:0:0:0:0:0:0:1 - - [06/Feb/2020:13:07:56 +0530] "GET /ctsweb/SearchNames.html HTTP/1.1" 304 -
0:0:0:0:0:0:0:1 - - [06/Feb/2020:13:09:43 +0530] "GET /ctsweb/SearchNames.html HTTP/1.1" 200 320
0:0:0:0:0:0:0:1 - - [06/Feb/2020:13:09:49 +0530] "GET /ctsweb/SearchServletEx?name=Anuja HTTP/1.1" 200 53
0:0:0:0:0:0:0:1 - - [06/Feb/2020:13:10:10 +0530] "GET /ctsweb/index.html HTTP/1.1" 200 408
127.0.0.1 - - [06/Feb/2020:13:11:33 +0530] "GET / HTTP/1.1" 404 709
0:0:0:0:0:0:0:1 - - [06/Feb/2020:13:12:07 +0530] "GET /ctsweb/Register.html HTTP/1.1" 200 947
127.0.0.1 - - [06/Feb/2020:13:13:02 +0530] "GET / HTTP/1.1" 404 709
127.0.0.1 - - [06/Feb/2020:13:14:46 +0530] "GET / HTTP/1.1" 404 709
127.0.0.1 - - [06/Feb/2020:13:54:38 +0530] "GET / HTTP/1.1" 404 709
0:0:0:0:0:0:0:1 - - [06/Feb/2020:13:54:39 +0530] "GET /ctsweb/index.html HTTP/1.1" 200 395
0:0:0:0:0:0:0:1 - - [06/Feb/2020:13:54:52 +0530] "GET /ctsweb/LoginServlet?login=admin&pwd=admin HTTP/1.1" 200 59
0:0:0:0:0:0:0:1 - - [06/Feb/2020:13:55:28 +0530] "GET /ctsweb/Register.html HTTP/1.1" 200 934
0:0:0:0:0:0:0:1 - - [06/Feb/2020:13:56:04 +0530] "GET /ctsweb/RegisterServletEx?name=kavya&dept=java&desg=pat&company=cts&+mobile=98745621&email=kavya@gmail.com HTTP/1.1" 200 63
0:0:0:0:0:0:0:1 - - [06/Feb/2020:13:56:29 +0530] "GET /ctsweb/SearchNames.html HTTP/1.1" 304 -
0:0:0:0:0:0:0:1 - - [06/Feb/2020:13:56:33 +0530] "GET /ctsweb/SearchServletEx?name=kavya HTTP/1.1" 200 46
0:0:0:0:0:0:0:1 - - [06/Feb/2020:13:57:04 +0530] "GET /ServletChaining/Servlet1 HTTP/1.1" 200 111
0:0:0:0:0:0:0:1 - - [06/Feb/2020:14:25:09 +0530] "GET /ctsweb/TestServlet HTTP/1.1" 200 83
0:0:0:0:0:0:0:1 - - [06/Feb/2020:14:25:22 +0530] "GET /ctsweb/MyServlet HTTP/1.1" 200 65
0:0:0:0:0:0:0:1 - - [06/Feb/2020:14:26:18 +0530] "GET /ctsweb/MyServlet HTTP/1.1" 200 65
0:0:0:0:0:0:0:1 - - [06/Feb/2020:14:27:18 +0530] "GET /ctsweb/TestServlet HTTP/1.1" 200 83
0:0:0:0:0:0:0:1 - - [06/Feb/2020:14:29:41 +0530] "GET /ctsweb/index.html HTTP/1.1" 304 -
0:0:0:0:0:0:0:1 - - [06/Feb/2020:14:30:30 +0530] "GET /ctsweb/LoginServlet?login=admin&pwd=cts123 HTTP/1.1" 200 59
0:0:0:0:0:0:0:1 - - [06/Feb/2020:14:31:11 +0530] "GET /ctsweb/LoginServlet?login=admin&pwd=0000000 HTTP/1.1" 200 62
0:0:0:0:0:0:0:1 - - [06/Feb/2020:14:31:31 +0530] "GET /ctsweb/LoginServlet?login=admin&pwd=000000 HTTP/1.1" 200 62
0:0:0:0:0:0:0:1 - - [06/Feb/2020:14:33:56 +0530] "GET /ctsweb/Register.html HTTP/1.1" 304 -
0:0:0:0:0:0:0:1 - - [06/Feb/2020:14:35:01 +0530] "GET /ctsweb/RegisterServletEx?name=MYDHILI&dept=DATA+WAREHOUSING&desg=PAT&company=CTS&+mobile=654789321&email=mydhili@gmail.com HTTP/1.1" 200 -
127.0.0.1 - - [06/Feb/2020:14:36:05 +0530] "GET / HTTP/1.1" 404 709
0:0:0:0:0:0:0:1 - - [06/Feb/2020:14:36:46 +0530] "GET /ctsweb/RegisterServletEx?name=MYDHILI&dept=DATA&desg=PAT&company=CTS&+mobile=654789&email=mydhili@gmail.com HTTP/1.1" 200 63
0:0:0:0:0:0:0:1 - - [06/Feb/2020:14:38:35 +0530] "GET /ctsweb/SearchNames.html HTTP/1.1" 304 -
0:0:0:0:0:0:0:1 - - [06/Feb/2020:14:38:43 +0530] "GET /ctsweb/SearchServletEx?name=MYDHILI HTTP/1.1" 200 48
0:0:0:0:0:0:0:1 - - [06/Feb/2020:14:39:04 +0530] "GET /ctsweb/SearchServletEx?name=MYDHILI HTTP/1.1" 200 48
0:0:0:0:0:0:0:1 - - [06/Feb/2020:14:46:05 +0530] "GET /ServletChaining/Servlet1 HTTP/1.1" 200 111
127.0.0.1 - - [06/Feb/2020:14:50:19 +0530] "GET / HTTP/1.1" 404 709
0:0:0:0:0:0:0:1 - - [06/Feb/2020:14:50:20 +0530] "GET /ServletChaining/Servlet1 HTTP/1.1" 200 33
0:0:0:0:0:0:0:1 - - [06/Feb/2020:14:53:23 +0530] "GET /ServletChaining/Servlet2 HTTP/1.1" 200 33
127.0.0.1 - - [06/Feb/2020:15:06:06 +0530] "GET / HTTP/1.1" 404 709
0:0:0:0:0:0:0:1 - - [06/Feb/2020:15:06:06 +0530] "GET /WebApp1/Serv1 HTTP/1.1" 302 -
0:0:0:0:0:0:0:1 - - [06/Feb/2020:15:06:06 +0530] "GET /WebApp2 HTTP/1.1" 404 716
127.0.0.1 - - [06/Feb/2020:15:18:58 +0530] "GET / HTTP/1.1" 404 709
0:0:0:0:0:0:0:1 - - [06/Feb/2020:15:18:58 +0530] "GET /ctsweb/index.html HTTP/1.1" 304 -
0:0:0:0:0:0:0:1 - - [06/Feb/2020:15:19:07 +0530] "GET /ctsweb/LoginServlet?login=1234&pwd=1234 HTTP/1.1" 302 -
0:0:0:0:0:0:0:1 - - [06/Feb/2020:15:19:07 +0530] "GET /ctsweb/Failure.html HTTP/1.1" 200 152
0:0:0:0:0:0:0:1 - - [06/Feb/2020:15:19:22 +0530] "GET /ctsweb/LoginServlet?login=admin&pwd=cts123 HTTP/1.1" 302 -
0:0:0:0:0:0:0:1 - - [06/Feb/2020:15:19:22 +0530] "GET /ctsweb/Success.html HTTP/1.1" 200 165
127.0.0.1 - - [06/Feb/2020:15:20:10 +0530] "GET / HTTP/1.1" 404 709
0:0:0:0:0:0:0:1 - - [06/Feb/2020:15:20:27 +0530] "GET /ctsweb/LoginServlet?login=1234&pwd=1234 HTTP/1.1" 302 -
0:0:0:0:0:0:0:1 - - [06/Feb/2020:15:20:27 +0530] "GET /ctsweb/Register.html HTTP/1.1" 304 -
0:0:0:0:0:0:0:1 - - [06/Feb/2020:15:22:12 +0530] "GET /ctsweb/LoginServlet?login=1234&pwd=1234 HTTP/1.1" 302 -
0:0:0:0:0:0:0:1 - - [06/Feb/2020:15:22:12 +0530] "GET /ctsweb/Register.html HTTP/1.1" 200 984
127.0.0.1 - - [06/Feb/2020:15:48:05 +0530] "GET / HTTP/1.1" 404 709
0:0:0:0:0:0:0:1 - - [06/Feb/2020:15:48:05 +0530] "GET /ServletChaining/index.html HTTP/1.1" 200 482
0:0:0:0:0:0:0:1 - - [06/Feb/2020:15:48:20 +0530] "GET /ServletChaining/Servlet1?name=Anuja&dept=Java&desig=Pat HTTP/1.1" 200 33
127.0.0.1 - - [06/Feb/2020:16:02:40 +0530] "GET / HTTP/1.1" 404 709
0:0:0:0:0:0:0:1 - - [06/Feb/2020:16:02:40 +0530] "GET /ServletChaining/index.html HTTP/1.1" 304 -
0:0:0:0:0:0:0:1 - - [06/Feb/2020:16:03:05 +0530] "GET /ServletChaining/Servlet1?name=Nissi&dept=java&desig=pat HTTP/1.1" 200 33
127.0.0.1 - - [06/Feb/2020:16:03:53 +0530] "GET / HTTP/1.1" 404 709
0:0:0:0:0:0:0:1 - - [06/Feb/2020:16:04:09 +0530] "GET /ServletChaining/Servlet1?name=Nissi&dept=java&desig=pat HTTP/1.1" 200 130
127.0.0.1 - - [06/Feb/2020:16:06:55 +0530] "GET / HTTP/1.1" 404 709
0:0:0:0:0:0:0:1 - - [06/Feb/2020:16:06:55 +0530] "GET /ServletChaining/index.html HTTP/1.1" 304 -
0:0:0:0:0:0:0:1 - - [06/Feb/2020:16:07:06 +0530] "GET /ServletChaining/Servlet1?name=Nissi&dept=java&desig=pat HTTP/1.1" 200 172
127.0.0.1 - - [06/Feb/2020:16:08:55 +0530] "GET / HTTP/1.1" 404 709
0:0:0:0:0:0:0:1 - - [06/Feb/2020:16:09:02 +0530] "GET /ServletChaining/Servlet1?name=Nissi&dept=java&desig=pat HTTP/1.1" 200 169
127.0.0.1 - - [06/Feb/2020:16:24:18 +0530] "GET / HTTP/1.1" 404 709
0:0:0:0:0:0:0:1 - - [06/Feb/2020:16:24:18 +0530] "GET /ServletChaining/index.html HTTP/1.1" 304 -
127.0.0.1 - - [06/Feb/2020:16:34:08 +0530] "GET / HTTP/1.1" 404 709
0:0:0:0:0:0:0:1 - - [06/Feb/2020:16:34:08 +0530] "GET /ServletChaining/index.html HTTP/1.1" 200 481
0:0:0:0:0:0:0:1 - - [06/Feb/2020:16:34:22 +0530] "GET /ServletChaining/Servlet1?name=Nissi&dept=java&desg=pat HTTP/1.1" 200 -
127.0.0.1 - - [06/Feb/2020:16:35:29 +0530] "GET / HTTP/1.1" 404 709
0:0:0:0:0:0:0:1 - - [06/Feb/2020:16:35:29 +0530] "GET /ServletChaining/index.html HTTP/1.1" 304 -
0:0:0:0:0:0:0:1 - - [06/Feb/2020:16:35:43 +0530] "GET /ServletChaining/Servlet1?name=nissi&dept=java&desg=pat HTTP/1.1" 200 169
127.0.0.1 - - [06/Feb/2020:16:44:17 +0530] "GET / HTTP/1.1" 404 709
0:0:0:0:0:0:0:1 - - [06/Feb/2020:16:44:18 +0530] "GET /ServletChaining/index.html HTTP/1.1" 200 485
0:0:0:0:0:0:0:1 - - [06/Feb/2020:16:44:50 +0530] "GET /ServletChaining/Servlet1?name=nissi&dept=java&desg=pat HTTP/1.1" 200 169
127.0.0.1 - - [06/Feb/2020:16:45:31 +0530] "GET / HTTP/1.1" 404 709
0:0:0:0:0:0:0:1 - - [06/Feb/2020:16:45:31 +0530] "GET /ServletChaining/index.html HTTP/1.1" 304 -
0:0:0:0:0:0:0:1 - - [06/Feb/2020:16:45:44 +0530] "GET /ServletChaining/Servlet1?name=nissi&dept=java&desg=pat HTTP/1.1" 200 169
127.0.0.1 - - [06/Feb/2020:16:46:38 +0530] "GET / HTTP/1.1" 404 709
0:0:0:0:0:0:0:1 - - [06/Feb/2020:16:46:38 +0530] "GET /ServletChaining/index.html HTTP/1.1" 304 -
0:0:0:0:0:0:0:1 - - [06/Feb/2020:16:46:51 +0530] "GET /ServletChaining/Servlet1?name=nissi&dept=java&desg=pat HTTP/1.1" 200 -
127.0.0.1 - - [06/Feb/2020:16:48:53 +0530] "GET / HTTP/1.1" 404 709
0:0:0:0:0:0:0:1 - - [06/Feb/2020:16:48:54 +0530] "GET /ServletChaining/index.html HTTP/1.1" 304 -
0:0:0:0:0:0:0:1 - - [06/Feb/2020:16:49:05 +0530] "GET /ServletChaining/Servlet1?name=nissi&dept=java&desg=pat HTTP/1.1" 302 -
0:0:0:0:0:0:0:1 - - [06/Feb/2020:16:49:05 +0530] "GET /ServletChaining/Servlet2 HTTP/1.1" 200 -
127.0.0.1 - - [06/Feb/2020:16:51:56 +0530] "GET / HTTP/1.1" 404 709
0:0:0:0:0:0:0:1 - - [06/Feb/2020:16:51:57 +0530] "GET /ServletChaining/index.html HTTP/1.1" 304 -
0:0:0:0:0:0:0:1 - - [06/Feb/2020:16:52:09 +0530] "GET /ServletChaining/Servlet1?name=nissi&dept=java&desg=pat HTTP/1.1" 500 1203
127.0.0.1 - - [06/Feb/2020:16:53:09 +0530] "GET / HTTP/1.1" 404 709
0:0:0:0:0:0:0:1 - - [06/Feb/2020:16:53:09 +0530] "GET /ServletChaining/index.html HTTP/1.1" 304 -
0:0:0:0:0:0:0:1 - - [06/Feb/2020:16:53:19 +0530] "GET /ServletChaining/Servlet1?name=nisssi&dept=java&desg=pat HTTP/1.1" 302 -
0:0:0:0:0:0:0:1 - - [06/Feb/2020:16:53:19 +0530] "GET /ServletChaining/Servlet2 HTTP/1.1" 200 -
127.0.0.1 - - [06/Feb/2020:16:54:23 +0530] "GET / HTTP/1.1" 404 709
0:0:0:0:0:0:0:1 - - [06/Feb/2020:16:54:23 +0530] "GET /ServletChaining/index.html HTTP/1.1" 304 -
0:0:0:0:0:0:0:1 - - [06/Feb/2020:16:54:34 +0530] "GET /ServletChaining/Servlet1?name=nissi&dept=java&desg=pat HTTP/1.1" 200 -
127.0.0.1 - - [06/Feb/2020:16:55:56 +0530] "GET / HTTP/1.1" 404 709
0:0:0:0:0:0:0:1 - - [06/Feb/2020:16:55:56 +0530] "GET /ServletChaining/index.html HTTP/1.1" 304 -
0:0:0:0:0:0:0:1 - - [06/Feb/2020:16:56:05 +0530] "GET /ServletChaining/Servlet1?name=nissi&dept=java&desg=pat HTTP/1.1" 500 1203
127.0.0.1 - - [06/Feb/2020:16:59:50 +0530] "GET / HTTP/1.1" 404 709
0:0:0:0:0:0:0:1 - - [06/Feb/2020:16:59:50 +0530] "GET /ServletChaining/Servlet1 HTTP/1.1" 500 1203
127.0.0.1 - - [06/Feb/2020:17:01:04 +0530] "GET / HTTP/1.1" 404 709
0:0:0:0:0:0:0:1 - - [06/Feb/2020:17:01:05 +0530] "GET /ServletChaining/index.html HTTP/1.1" 304 -
0:0:0:0:0:0:0:1 - - [06/Feb/2020:17:01:18 +0530] "GET /ServletChaining/Servlet1?name=nissi&dept=java&desg=pat HTTP/1.1" 302 -
0:0:0:0:0:0:0:1 - - [06/Feb/2020:17:01:18 +0530] "GET /ServletChaining/Servlet2 HTTP/1.1" 200 -
127.0.0.1 - - [06/Feb/2020:17:02:36 +0530] "GET / HTTP/1.1" 404 709
0:0:0:0:0:0:0:1 - - [06/Feb/2020:17:02:36 +0530] "GET /ServletChaining/Servlet2 HTTP/1.1" 200 -
127.0.0.1 - - [06/Feb/2020:17:06:02 +0530] "GET / HTTP/1.1" 404 709
0:0:0:0:0:0:0:1 - - [06/Feb/2020:17:06:03 +0530] "GET /ServletChaining/index.html HTTP/1.1" 304 -
0:0:0:0:0:0:0:1 - - [06/Feb/2020:17:06:16 +0530] "GET /ServletChaining/Servlet1?name=nissi&dept=java&desg=pat HTTP/1.1" 200 -
127.0.0.1 - - [06/Feb/2020:17:16:58 +0530] "GET / HTTP/1.1" 404 709
0:0:0:0:0:0:0:1 - - [06/Feb/2020:17:16:58 +0530] "GET /ServletChaining/index.html HTTP/1.1" 304 -
0:0:0:0:0:0:0:1 - - [06/Feb/2020:17:17:16 +0530] "GET /ServletChaining/Servlet1?name=nissi&dept=java&desg=pat HTTP/1.1" 200 -
127.0.0.1 - - [06/Feb/2020:17:18:51 +0530] "GET / HTTP/1.1" 404 709
0:0:0:0:0:0:0:1 - - [06/Feb/2020:17:19:12 +0530] "GET /ServletChaining/Servlet1?name=nissi&dept=java&desg=pat HTTP/1.1" 200 -
127.0.0.1 - - [06/Feb/2020:17:23:14 +0530] "GET / HTTP/1.1" 404 709
0:0:0:0:0:0:0:1 - - [06/Feb/2020:17:23:14 +0530] "GET /ServletChaining/index.html HTTP/1.1" 304 -
0:0:0:0:0:0:0:1 - - [06/Feb/2020:17:23:30 +0530] "GET /ServletChaining/Servlet1?name=nissi&dept=java&desg=pat HTTP/1.1" 200 -
127.0.0.1 - - [06/Feb/2020:17:26:58 +0530] "GET / HTTP/1.1" 404 709
0:0:0:0:0:0:0:1 - - [06/Feb/2020:17:27:10 +0530] "GET /ServletChaining/Servlet1?name=nissi&dept=java&desg=pat HTTP/1.1" 500 1347
127.0.0.1 - - [06/Feb/2020:17:28:53 +0530] "GET / HTTP/1.1" 404 709
0:0:0:0:0:0:0:1 - - [06/Feb/2020:17:28:54 +0530] "GET /ServletChaining/index.html HTTP/1.1" 304 -
0:0:0:0:0:0:0:1 - - [06/Feb/2020:17:29:03 +0530] "GET /ServletChaining/Servlet1?name=nissi&dept=java&desg=pat HTTP/1.1" 500 1347
127.0.0.1 - - [06/Feb/2020:17:42:45 +0530] "GET / HTTP/1.1" 404 709
0:0:0:0:0:0:0:1 - - [06/Feb/2020:17:42:46 +0530] "GET /ServletChaining/index.html HTTP/1.1" 304 -
0:0:0:0:0:0:0:1 - - [06/Feb/2020:17:42:56 +0530] "GET /ServletChaining/Servlet1?name=nissi&dept=java&desg=pat HTTP/1.1" 200 -
127.0.0.1 - - [06/Feb/2020:17:46:42 +0530] "GET / HTTP/1.1" 404 709
0:0:0:0:0:0:0:1 - - [06/Feb/2020:17:46:52 +0530] "GET /ServletChaining/Servlet1?name=nissi&dept=java&desg=pat HTTP/1.1" 200 -
127.0.0.1 - - [06/Feb/2020:17:50:11 +0530] "GET / HTTP/1.1" 404 709
0:0:0:0:0:0:0:1 - - [06/Feb/2020:17:50:11 +0530] "GET /ServletChaining/index.html HTTP/1.1" 304 -
0:0:0:0:0:0:0:1 - - [06/Feb/2020:17:50:27 +0530] "GET /ServletChaining/Servlet1?name=nissi&dept=java&desg=pat HTTP/1.1" 200 -
127.0.0.1 - - [06/Feb/2020:17:53:44 +0530] "GET / HTTP/1.1" 404 709
0:0:0:0:0:0:0:1 - - [06/Feb/2020:17:53:53 +0530] "GET /ServletChaining/Servlet1?name=Praveen&dept=Testing&desg=Tester HTTP/1.1" 200 -
127.0.0.1 - - [06/Feb/2020:17:57:01 +0530] "GET / HTTP/1.1" 404 709
0:0:0:0:0:0:0:1 - - [06/Feb/2020:17:57:01 +0530] "GET /ServletChaining/index.html HTTP/1.1" 304 -
0:0:0:0:0:0:0:1 - - [06/Feb/2020:17:57:13 +0530] "GET /ServletChaining/Servlet1?name=nissi&dept=java&desg=pat HTTP/1.1" 200 50
